<HTML>
  <BODY style="background-color: orange">
    <H1>Annual Report</H1>
    <p>Line 1</p>
    <p>Line 2</p>
    <p>Line 3</p>
    <p>Line 4</p>
    <p>Line 5</p>
  </BODY>
</HTML>