Guessed letters: XPL
Guesses remaining: 9
PL---L-----