HR Employees Report
-------------------

Date Generated: July 1, 2000

First Name               Last Name                  Pay Grade     DOB
Sarah                    Smith                      1             April 10, 1980
Gentry                   Smith                      3             July 1, 1970
Arnold                   Jones                      2             December 21, 1972

Total Employees: 3