Guessed letters: XPE
Guessed remaining: 9
---EP----E